A18507 #Free!
A17819 #Kyoto Animation: Suiei-hen
---
A18153 #Kyoukai no Kanata
A17813 #Kyoto Animation: Megane-hen
---
A6115  #Lupin III vs. Detective Conan
A1412  #Lupin III
A235   #Detective Conan
---
A18429 #Lupin III vs. Detective Conan: The Movie
A1412  #Lupin III
A235   #Detective Conan
---
A12769 #Yumemakura Baku Twilight Gekijou
A305   #Abashiri Ikka
A4923  #Akai Hayate
---
A2852  #Accelerando: Datenshi-tachi no Sasayaki
A6194  #Stretta: The Animation
---
A6690  #Anata Dake Konbanwa
A188   #Gosenzo San'e
---
A6690  #Anata Dake Konbanwa
A4561  #Zoku Gosenzo San'e
---
A3080  #Anime Tenchou
A1887  #Lucky☆Star
A9875  #Anime Tenchou x Touhou Project
---
A9861  #Anime Tenchou Movie
A9875  #Anime Tenchou x Touhou Project
---
A13677 #Ao no Exorcist (Movie) Special
A9627  #Kakko Kawaii Sengen!
---
A10443 #Birei Okami Mie
A9312  #Mofuku Tsuma
---
A15125 #Teekyuu
A19297 #Ketsuekigata-kun! Special
---
A6875  #Iron Man
A6918  #Wolverine
A6920  #Blade
---
A10954 #Toei Robot Girls
A3932  #Magne Robo Gakeen
A1986  #Wakusei Robo Danguard Ace
A6970  #Choujin Sentai Baratack
A1845  #Gaiking: Legend of Daiku-Maryu
---
A289   #Comic Party
A472   #To Heart
---
A2722  #Crusher Joe: The Movie
A424   #Dirty Pair
---
A6628  #Dengeki Bunko 2007 Movie Festival Special
A355   #Shakugan no Shana
A486   #Kino no Tabi: The Beautiful World
A940   #Inukami!
---
A8086  #Densetsu no Yuusha no Densetsu
A10934 #Itsuka Tenma no Kuro Usagi OVA
---
A223   #Dragon Ball
A2222  #Dr. Slump: Arale-chan
---
A12885 #Dynamic Super Robots Grand Battle
A938   #Shin Getter Robo vs. Neo Getter Robo
---
A19261 #Gintama x Mameshiba
A7261  #Mameshiba
A15335 #Gintama: Kanketsu-hen - Yorozuya yo Eien Nare
---
A9969  #Gintama'
A9863  #SKET Dance
---
A14663 #Queen's Blade Rebellion vs. Hagure Yuusha no Estetica
A13161 #Hagure Yuusha no Estetica
A11859 #Queen's Blade: Rebellion
---
A19279 #Pony Metal U-GAIM Promotion Film
A2598  #Juusenki L-Gaim
A2044  #Mahou no Tenshi Creamy Mami
---
A143   #Kannazuki no Miko
A1810  #Kyoshiro to Towa no Sora
---
A1037  #Saint Beast
A682   #Tenshi no Shippo
---
A10033 #Toriko
A21    #One Piece
A813   #Dragon Ball Z
---
A177   #Tsubasa Chronicle
A861   #xxxHOLiC
---
A4938  #Tsubasa: Shunraiki
A4918  #xxxHOLiC Shunmuki
---
A10681 #Blood-C: The Last Dark
A793   #xxxHOLiC: Manatsu no Yoru no Yume
---
A11597 #Nisemonogatari
A11981 #Mahou Shoujo Madoka★Magica Movie 3: Hangyaku no Monogatari
---
A3785  #Evangelion: 3.0 You Can (Not) Redo
A28149 #Nihon Animator Mihonichi
---
A80    #Mobile Suit Gundam
A28149 #Nihon Animator Mihonichi
---
A80    #Mobile Suit Gundam
A147   #Kimi ga Nozomu Eien
---
A338   #Rose of Versailles
A29820 #Channel 5.5 4th Season
---
A1698  #Nodame Cantabile
A29823 #Channel 5.5 3rd Season
---
A2076  #Kindaichi Shounen no Jikenbo (TV)
A29821 #Channel 5.5
---
A17187 #Ghost in the Shell: Arise - Border:1 Ghost Pain
A29822 #Channel 5.5 2nd Season
---
A21    #One Piece
A813   #Dragon Ball Z
A971   #Astro Boy (2003)
A3545  #Kochira Katsushikaku Kameari Kouenmae Hashutsujo (TV)
---
A527   #Pokemon
A28351 #Hikari no Megami
---
A1816  #Sonic X
A28351 #Hikari no Megami
---
A2263  #Sonic the Hedgehog
A28351 #Hikari no Megami
---
A5265  #Rock Man
A28351 #Hikari no Megami
---
A1854  #Rockman Hoshi ni Negai wo
A28351 #Hikari no Megami
---
A5081  #Bakemonogatari
A18897 #Nisekoi
---
A31517 #Mazinger ZIP!
A2253  #Mazinger Z
---
A31699 #Good Morning!!! Doronjo
A2253  #Mazinger Z
---
A31699 #Good Morning!!! Doronjo
A3008  #Time Bokan Series: Yatterman
---
A3444  #The Ultraman
A80    #Mobile Suit Gundam
A30    #Neon Genesis Evangelion
A3785  #Evangelion: 3.0 You Can (Not) Redo
---

M29937 #Bara Manga Daioh
M85    #Azumanga Daioh
M371   #Ichigo Mashimaro
---
M21135 #Etsusa Bridge Gaiden
M16816 #Durarara!!
---
M11926 #Jump Super Stars
M16038 #Toriyama Akira Marusaku Gekijou
M1505  #Bobobo-bo Bo-bobo
M45    #Ichigo 100%
M42    #Dragon Ball
M796   #Dr. Slump
M43    #Eyeshield 21
M11    #Naruto
M13    #One Piece
---
M8876  #Slayers
M16124 #Maburaho VS Slayers!? - Dragon All Stars Gekitouhen
M20870 #Slayers VS Orphen
---
M9     #Tsubasa: RESERVoir CHRoNiCLE
M10    #xxxHOLiC
M32037 #Drug & Drop
M16010 #K-Dash
---
M10105 #Inumarudashi
M44    #Gintama
M1414  #SKET Dance
---
M24294 #Ao Haru Ride
M52389 #Ore Ride!!
---
M38105 #Asagao to Kase-san.
M55003 #Houkago!
---
M8560  #Iron Virgin Jun
M1474  #Devilman
---
M14155 #Continue
M24    #D.Gray-man
---
M31499 #Nisekoi
M36933 #Ore Monogatari!!
---
M35243 #Haikyuu!!
M31499 #Nisekoi
